// Jest Snapshot v1, https://goo.gl/fbAQLP

exports[`Test - FirstApp Match con el Snapshot 1`] = `
<div>
  <h1
    data-testid="test-saludo"
  >
    Hola Mundo
    , 
    Sergio Osorio Angel
  </h1>
  <h2>
    Edad: 
    21
  </h2>
</div>
`;
